Traceback (most recent call last):
  File "/home/runner/work/FCMO-AI-Newsletter/FCMO-AI-Newsletter/tools/generate_full_curated_i18n.py", line 90, in _request
    with urllib.request.urlopen(req, timeout=180) as resp:
         ^^^^^^^^^^^^^^^^^^^^^^^^^^^^^^^^^^^^^^^^
  File "/usr/lib/python3.12/urllib/request.py", line 215, in urlopen
    return opener.open(url, data, timeout)
           ^^^^^^^^^^^^^^^^^^^^^^^^^^^^^^^
  File "/usr/lib/python3.12/urllib/request.py", line 521, in open
    response = meth(req, response)
               ^^^^^^^^^^^^^^^^^^^
  File "/usr/lib/python3.12/urllib/request.py", line 630, in http_response
    response = self.parent.error(
               ^^^^^^^^^^^^^^^^^^
  File "/usr/lib/python3.12/urllib/request.py", line 559, in error
    return self._call_chain(*args)
           ^^^^^^^^^^^^^^^^^^^^^^^
  File "/usr/lib/python3.12/urllib/request.py", line 492, in _call_chain
    result = func(*args)
             ^^^^^^^^^^^
  File "/usr/lib/python3.12/urllib/request.py", line 639, in http_error_default
    raise HTTPError(req.full_url, code, msg, hdrs, fp)
urllib.error.HTTPError: HTTP Error 410: Gone

The above exception was the direct cause of the following exception:

Traceback (most recent call last):
  File "/home/runner/work/FCMO-AI-Newsletter/FCMO-AI-Newsletter/tools/generate_full_curated_i18n.py", line 270, in <module>
    main()
  File "/home/runner/work/FCMO-AI-Newsletter/FCMO-AI-Newsletter/tools/generate_full_curated_i18n.py", line 244, in main
    translated = _request(prompt, token)
                 ^^^^^^^^^^^^^^^^^^^^^^^
  File "/home/runner/work/FCMO-AI-Newsletter/FCMO-AI-Newsletter/tools/generate_full_curated_i18n.py", line 97, in _request
    raise RuntimeError(f"GitHub Models authoring request failed: HTTP {exc.code}: {detail}") from exc
RuntimeError: GitHub Models authoring request failed: HTTP 410: {"error":{"code":"github_models_retirement_brownout","message":"GitHub Models is temporarily unavailable as part of a scheduled retirement brownout."}}

